// Jest Snapshot v1, https://goo.gl/fbAQLP

exports[`CatInformation.vue snapshot 1`] = `
<v-app-stub id="app" class="catInfo">
  <v-row-stub tag="div">
    <v-col-stub cols="3" tag="div" class="cat-category mt-5">
      <v-autocomplete-stub errorcount="1" errormessages="" messages="" rules="" successmessages="" value="[object Object]" appendicon="$dropdown" backgroundcolor="" dense="true" label="Categories" loaderheight="2" clearicon="$clear" type="text" valuecomparator="[Function]" nodatatext="$vuetify.noDataText" deletablechips="true" items="" itemcolor="primary" itemdisabled="disabled" itemtext="name" itemvalue="id" menuprops="[object Object]" smallchips="true" allowoverflow="true" filter="[Function]"></v-autocomplete-stub>
    </v-col-stub>
    <v-col-stub tag="div">
      <h1>Hello</h1>
    </v-col-stub>
  </v-row-stub>
  <v-row-stub tag="div">
    <v-col-stub cols="12" tag="div" style="height: 400px;"></v-col-stub>
  </v-row-stub>
  <v-row-stub tag="div">
    <v-col-stub cols="12" tag="div">
      <div class="text-center">
        <v-pagination-stub length="10" nexticon="$next" previcon="$prev" totalvisible="7" value="1" pagearialabel="$vuetify.pagination.ariaLabel.page" currentpagearialabel="$vuetify.pagination.ariaLabel.currentPage" previousarialabel="$vuetify.pagination.ariaLabel.previous" nextarialabel="$vuetify.pagination.ariaLabel.next" wrapperarialabel="$vuetify.pagination.ariaLabel.wrapper"></v-pagination-stub>
      </div>
    </v-col-stub>
  </v-row-stub>
</v-app-stub>
`;
